// Jest Snapshot v1, https://goo.gl/fbAQLP

exports[`seedPhrase component matches the snapshot 1`] = `
<Container>
  <View
    style={
      Object {
        "display": "flex",
        "flex": 1,
        "justifyContent": "center",
      }
    }
  >
    <Image
      source={
        Object {
          "testUri": "../../../src/img/img_techguy.png",
        }
      }
      style={
        Object {
          "height": 60,
          "width": 60,
        }
      }
    />
  </View>
  <Text
    accessible={true}
    allowFontScaling={true}
    ellipsizeMode="tail"
    style={
      Object {
        "color": "#a4a4a3",
        "flex": 1,
        "fontSize": 20,
        "fontWeight": "200",
        "textAlign": "center",
      }
    }
  >
    Your secure phrase
  </Text>
  <Text
    accessible={true}
    allowFontScaling={true}
    ellipsizeMode="tail"
    style={
      Object {
        "color": "#4b132b",
        "flex": 1,
        "fontSize": 20,
        "fontWeight": "400",
        "textAlign": "center",
        "width": "100%",
      }
    }
  >
    bla
  </Text>
  <Text
    accessible={true}
    allowFontScaling={true}
    ellipsizeMode="tail"
    style={
      Object {
        "color": "#b3c90f",
        "flex": 1,
        "fontSize": 13,
        "textAlign": "center",
      }
    }
  >
    IMPORTANT 
    

    Write these words down on an analog and secure place. Store it in at least two different places. Without these words you cannot access your wallet again. Anyone with these words can get access to your wallet. Taking a screenshot is not secure.
  </Text>
  <View
    style={
      Object {
        "flex": 1,
        "width": "100%",
      }
    }
  >
    <Checkbox
      checked={false}
      checkedIcon="radio-button-checked"
      disabled={false}
      label="Yes, I have securely written down my phrase."
      onCheck={[Function]}
      size={24}
      style={
        Object {
          "icon": Object {
            "color": "#b3c90f",
          },
          "label": Object {
            "color": "#a4a4a3",
            "fontSize": 13,
            "fontWeight": "300",
            "marginLeft": -5,
            "padding": 0,
            "position": "relative",
            "textAlign": "left",
          },
        }
      }
      uncheckedIcon="radio-button-unchecked"
      value=""
    />
  </View>
  <View
    style={
      Object {
        "flex": 1,
      }
    }
  >
    <Button
      accent={false}
      disabled={true}
      icon={null}
      onLongPress={null}
      onPress={null}
      primary={true}
      raised={true}
      style={Object {}}
      text="NEXT STEP"
      upperCase={true}
    />
  </View>
</Container>
`;
